2026-08-18 05:27:24,890 INFO o.a.j.u.JMeterUtils: Setting Locale to en_EN
2026-08-18 05:27:24,899 INFO o.a.j.JMeter: Loading user properties from: E:\Documents\HCMUS\Semester3_Year3\KTPM\Testing\HW05\jmeter\bin\user.properties
2026-08-18 05:27:24,899 INFO o.a.j.JMeter: Loading system properties from: E:\Documents\HCMUS\Semester3_Year3\KTPM\Testing\HW05\jmeter\bin\system.properties
2026-08-18 05:27:24,903 INFO o.a.j.JMeter: Copyright (c) 1998-2024 The Apache Software Foundation
2026-08-18 05:27:24,903 INFO o.a.j.JMeter: Version 5.6.3
2026-08-18 05:27:24,903 INFO o.a.j.JMeter: java.version=1.8.0_491
2026-08-18 05:27:24,903 INFO o.a.j.JMeter: java.vm.name=Java HotSpot(TM) 64-Bit Server VM
2026-08-18 05:27:24,903 INFO o.a.j.JMeter: os.name=Windows 11
2026-08-18 05:27:24,903 INFO o.a.j.JMeter: os.arch=amd64
2026-08-18 05:27:24,903 INFO o.a.j.JMeter: os.version=10.0
2026-08-18 05:27:24,903 INFO o.a.j.JMeter: file.encoding=Cp1258
2026-08-18 05:27:24,903 INFO o.a.j.JMeter: java.awt.headless=true
2026-08-18 05:27:24,903 INFO o.a.j.JMeter: Max memory     =1073741824
2026-08-18 05:27:24,903 INFO o.a.j.JMeter: Available Processors =20
2026-08-18 05:27:24,906 INFO o.a.j.JMeter: Default Locale=English (EN)
2026-08-18 05:27:24,907 INFO o.a.j.JMeter: JMeter  Locale=English (EN)
2026-08-18 05:27:24,907 INFO o.a.j.JMeter: JMeterHome=E:\Documents\HCMUS\Semester3_Year3\KTPM\Testing\HW05\jmeter
2026-08-18 05:27:24,907 INFO o.a.j.JMeter: user.dir  =E:\Documents\HCMUS\Semester3_Year3\KTPM\Testing\HW05
2026-08-18 05:27:24,907 INFO o.a.j.JMeter: PWD       =E:\Documents\HCMUS\Semester3_Year3\KTPM\Testing\HW05
2026-08-18 05:27:24,908 INFO o.a.j.JMeter: IP: 192.168.1.157 Name: NhanTran FullName: NhanTran
2026-08-18 05:27:24,918 INFO o.a.j.s.FileServer: Default base='E:\Documents\HCMUS\Semester3_Year3\KTPM\Testing\HW05'
2026-08-18 05:27:24,920 INFO o.a.j.s.FileServer: Set new base='E:\Documents\HCMUS\Semester3_Year3\KTPM\Testing\HW05'
2026-08-18 05:27:24,996 INFO o.a.j.s.SaveService: Testplan (JMX) version: 2.2. Testlog (JTL) version: 2.2
2026-08-18 05:27:25,016 INFO o.a.j.s.SaveService: Using SaveService properties file encoding UTF-8
2026-08-18 05:27:25,019 INFO o.a.j.s.SaveService: Using SaveService properties version 5.0
2026-08-18 05:27:25,024 INFO o.a.j.s.SaveService: Loading file: 23127443_Spike_AdminImportProducts_20260817.jmx
2026-08-18 05:27:25,068 INFO o.a.j.p.h.s.HTTPSamplerBase: Parser for text/html is org.apache.jmeter.protocol.http.parser.LagartoBasedHtmlParser
2026-08-18 05:27:25,068 INFO o.a.j.p.h.s.HTTPSamplerBase: Parser for application/xhtml+xml is org.apache.jmeter.protocol.http.parser.LagartoBasedHtmlParser
2026-08-18 05:27:25,068 INFO o.a.j.p.h.s.HTTPSamplerBase: Parser for application/xml is org.apache.jmeter.protocol.http.parser.LagartoBasedHtmlParser
2026-08-18 05:27:25,068 INFO o.a.j.p.h.s.HTTPSamplerBase: Parser for text/xml is org.apache.jmeter.protocol.http.parser.LagartoBasedHtmlParser
2026-08-18 05:27:25,068 INFO o.a.j.p.h.s.HTTPSamplerBase: Parser for text/vnd.wap.wml is org.apache.jmeter.protocol.http.parser.RegexpHTMLParser
2026-08-18 05:27:25,068 INFO o.a.j.p.h.s.HTTPSamplerBase: Parser for text/css is org.apache.jmeter.protocol.http.parser.CssParser
2026-08-18 05:27:25,264 INFO o.a.j.JMeter: Creating summariser <summary>
2026-08-18 05:27:25,271 INFO o.a.j.e.StandardJMeterEngine: Running the test!
2026-08-18 05:27:25,272 INFO o.a.j.s.SampleEvent: List of sample_variables: []
2026-08-18 05:27:25,272 INFO o.a.j.s.SampleEvent: List of sample_variables: []
2026-08-18 05:27:25,275 INFO o.a.j.e.u.CompoundVariable: Note: Function class names must contain the string: '.functions.'
2026-08-18 05:27:25,275 INFO o.a.j.e.u.CompoundVariable: Note: Function class names must not contain the string: '.gui.'
2026-08-18 05:27:25,596 INFO o.a.j.JMeter: Running test (1787005645596)
2026-08-18 05:27:25,597 INFO o.a.j.e.StandardJMeterEngine: Starting setUp thread groups
2026-08-18 05:27:25,597 INFO o.a.j.e.StandardJMeterEngine: Starting setUp ThreadGroup: 1 : Setup - Register Admin 
2026-08-18 05:27:25,597 INFO o.a.j.e.StandardJMeterEngine: Starting 1 threads for group Setup - Register Admin.
2026-08-18 05:27:25,597 INFO o.a.j.e.StandardJMeterEngine: Thread will continue on error
2026-08-18 05:27:25,597 INFO o.a.j.t.ThreadGroup: Starting thread group... number=1 threads=1 ramp-up=1 delayedStart=false
2026-08-18 05:27:25,601 INFO o.a.j.t.ThreadGroup: Started thread group number 1
2026-08-18 05:27:25,601 INFO o.a.j.e.StandardJMeterEngine: Waiting for all setup thread groups to exit
2026-08-18 05:27:25,602 INFO o.a.j.t.JMeterThread: Thread started: Setup - Register Admin 1-1
2026-08-18 05:27:25,616 INFO o.a.j.p.h.s.HTTPHCAbstractImpl: Local host = NhanTran
2026-08-18 05:27:25,620 INFO o.a.j.p.h.s.HTTPHC4Impl: HTTP request retry count = 0
2026-08-18 05:27:25,621 INFO o.a.j.s.SampleResult: Note: Sample TimeStamps are START times
2026-08-18 05:27:25,621 INFO o.a.j.s.SampleResult: sampleresult.default.encoding is set to UTF-8
2026-08-18 05:27:25,622 INFO o.a.j.s.SampleResult: sampleresult.useNanoTime=true
2026-08-18 05:27:25,622 INFO o.a.j.s.SampleResult: sampleresult.nanoThreadSleep=5000
2026-08-18 05:27:25,700 INFO o.a.j.t.JMeterThread: Thread is done: Setup - Register Admin 1-1
2026-08-18 05:27:25,700 INFO o.a.j.t.JMeterThread: Thread finished: Setup - Register Admin 1-1
2026-08-18 05:27:25,701 INFO o.a.j.e.StandardJMeterEngine: All Setup Threads have ended
2026-08-18 05:27:25,738 INFO o.a.j.e.StandardJMeterEngine: Starting ThreadGroup: 1 : Spike Test - Admin Import (0?100?0)
2026-08-18 05:27:25,738 INFO o.a.j.e.StandardJMeterEngine: Starting 100 threads for group Spike Test - Admin Import (0?100?0).
2026-08-18 05:27:25,738 INFO o.a.j.e.StandardJMeterEngine: Thread will continue on error
2026-08-18 05:27:25,738 INFO o.a.j.t.ThreadGroup: Starting thread group... number=1 threads=100 ramp-up=5 delayedStart=false
2026-08-18 05:27:25,773 INFO o.a.j.t.ThreadGroup: Started thread group number 1
2026-08-18 05:27:25,773 INFO o.a.j.e.StandardJMeterEngine: All thread groups have been started
2026-08-18 05:27:55,738 INFO o.a.j.t.JMeterThread: Thread started: Spike Test - Admin Import (0?100?0) 1-1
2026-08-18 05:27:55,738 INFO o.a.j.s.FileServer: Stored: E:/Documents/HCMUS/Semester3_Year3/KTPM/Testing/HW05/test-data/spike_import_products.csv
2026-08-18 05:27:55,788 INFO o.a.j.t.JMeterThread: Thread started: Spike Test - Admin Import (0?100?0) 1-2
2026-08-18 05:27:55,839 INFO o.a.j.t.JMeterThread: Thread started: Spike Test - Admin Import (0?100?0) 1-3
2026-08-18 05:27:55,889 INFO o.a.j.t.JMeterThread: Thread started: Spike Test - Admin Import (0?100?0) 1-4
2026-08-18 05:27:55,938 INFO o.a.j.t.JMeterThread: Thread started: Spike Test - Admin Import (0?100?0) 1-5
2026-08-18 05:27:55,988 INFO o.a.j.t.JMeterThread: Thread started: Spike Test - Admin Import (0?100?0) 1-6
2026-08-18 05:27:56,039 INFO o.a.j.t.JMeterThread: Thread started: Spike Test - Admin Import (0?100?0) 1-7
2026-08-18 05:27:56,089 INFO o.a.j.t.JMeterThread: Thread started: Spike Test - Admin Import (0?100?0) 1-8
2026-08-18 05:27:56,139 INFO o.a.j.t.JMeterThread: Thread started: Spike Test - Admin Import (0?100?0) 1-9
2026-08-18 05:27:56,189 INFO o.a.j.t.JMeterThread: Thread started: Spike Test - Admin Import (0?100?0) 1-10
2026-08-18 05:27:56,238 INFO o.a.j.t.JMeterThread: Thread started: Spike Test - Admin Import (0?100?0) 1-11
2026-08-18 05:27:56,288 INFO o.a.j.t.JMeterThread: Thread started: Spike Test - Admin Import (0?100?0) 1-12
2026-08-18 05:27:56,339 INFO o.a.j.t.JMeterThread: Thread started: Spike Test - Admin Import (0?100?0) 1-13
2026-08-18 05:27:56,389 INFO o.a.j.t.JMeterThread: Thread started: Spike Test - Admin Import (0?100?0) 1-14
2026-08-18 05:27:56,439 INFO o.a.j.t.JMeterThread: Thread started: Spike Test - Admin Import (0?100?0) 1-15
2026-08-18 05:27:56,489 INFO o.a.j.t.JMeterThread: Thread started: Spike Test - Admin Import (0?100?0) 1-16
2026-08-18 05:27:56,539 INFO o.a.j.t.JMeterThread: Thread started: Spike Test - Admin Import (0?100?0) 1-17
2026-08-18 05:27:56,588 INFO o.a.j.t.JMeterThread: Thread started: Spike Test - Admin Import (0?100?0) 1-18
2026-08-18 05:27:56,639 INFO o.a.j.t.JMeterThread: Thread started: Spike Test - Admin Import (0?100?0) 1-19
2026-08-18 05:27:56,689 INFO o.a.j.t.JMeterThread: Thread started: Spike Test - Admin Import (0?100?0) 1-20
2026-08-18 05:27:56,738 INFO o.a.j.t.JMeterThread: Thread started: Spike Test - Admin Import (0?100?0) 1-21
2026-08-18 05:27:56,788 INFO o.a.j.t.JMeterThread: Thread started: Spike Test - Admin Import (0?100?0) 1-22
2026-08-18 05:27:56,839 INFO o.a.j.t.JMeterThread: Thread started: Spike Test - Admin Import (0?100?0) 1-23
2026-08-18 05:27:56,889 INFO o.a.j.t.JMeterThread: Thread started: Spike Test - Admin Import (0?100?0) 1-24
2026-08-18 05:27:56,938 INFO o.a.j.t.JMeterThread: Thread started: Spike Test - Admin Import (0?100?0) 1-25
2026-08-18 05:27:56,988 INFO o.a.j.t.JMeterThread: Thread started: Spike Test - Admin Import (0?100?0) 1-26
2026-08-18 05:27:57,038 INFO o.a.j.t.JMeterThread: Thread started: Spike Test - Admin Import (0?100?0) 1-27
2026-08-18 05:27:57,088 INFO o.a.j.t.JMeterThread: Thread started: Spike Test - Admin Import (0?100?0) 1-28
2026-08-18 05:27:57,139 INFO o.a.j.t.JMeterThread: Thread started: Spike Test - Admin Import (0?100?0) 1-29
2026-08-18 05:27:57,189 INFO o.a.j.t.JMeterThread: Thread started: Spike Test - Admin Import (0?100?0) 1-30
2026-08-18 05:27:57,239 INFO o.a.j.t.JMeterThread: Thread started: Spike Test - Admin Import (0?100?0) 1-31
2026-08-18 05:27:57,289 INFO o.a.j.t.JMeterThread: Thread started: Spike Test - Admin Import (0?100?0) 1-32
2026-08-18 05:27:57,339 INFO o.a.j.t.JMeterThread: Thread started: Spike Test - Admin Import (0?100?0) 1-33
2026-08-18 05:27:57,389 INFO o.a.j.t.JMeterThread: Thread started: Spike Test - Admin Import (0?100?0) 1-34
2026-08-18 05:27:57,439 INFO o.a.j.t.JMeterThread: Thread started: Spike Test - Admin Import (0?100?0) 1-35
2026-08-18 05:27:57,489 INFO o.a.j.t.JMeterThread: Thread started: Spike Test - Admin Import (0?100?0) 1-36
2026-08-18 05:27:57,539 INFO o.a.j.t.JMeterThread: Thread started: Spike Test - Admin Import (0?100?0) 1-37
2026-08-18 05:27:57,589 INFO o.a.j.t.JMeterThread: Thread started: Spike Test - Admin Import (0?100?0) 1-38
2026-08-18 05:27:57,638 INFO o.a.j.t.JMeterThread: Thread started: Spike Test - Admin Import (0?100?0) 1-39
2026-08-18 05:27:57,689 INFO o.a.j.t.JMeterThread: Thread started: Spike Test - Admin Import (0?100?0) 1-40
2026-08-18 05:27:57,738 INFO o.a.j.t.JMeterThread: Thread started: Spike Test - Admin Import (0?100?0) 1-41
2026-08-18 05:27:57,788 INFO o.a.j.t.JMeterThread: Thread started: Spike Test - Admin Import (0?100?0) 1-42
2026-08-18 05:27:57,839 INFO o.a.j.t.JMeterThread: Thread started: Spike Test - Admin Import (0?100?0) 1-43
2026-08-18 05:27:57,889 INFO o.a.j.t.JMeterThread: Thread started: Spike Test - Admin Import (0?100?0) 1-44
2026-08-18 05:27:57,938 INFO o.a.j.t.JMeterThread: Thread started: Spike Test - Admin Import (0?100?0) 1-45
2026-08-18 05:27:57,988 INFO o.a.j.t.JMeterThread: Thread started: Spike Test - Admin Import (0?100?0) 1-46
2026-08-18 05:27:58,039 INFO o.a.j.t.JMeterThread: Thread started: Spike Test - Admin Import (0?100?0) 1-47
2026-08-18 05:27:58,089 INFO o.a.j.t.JMeterThread: Thread started: Spike Test - Admin Import (0?100?0) 1-48
2026-08-18 05:27:58,139 INFO o.a.j.t.JMeterThread: Thread started: Spike Test - Admin Import (0?100?0) 1-49
2026-08-18 05:27:58,189 INFO o.a.j.t.JMeterThread: Thread started: Spike Test - Admin Import (0?100?0) 1-50
2026-08-18 05:27:58,238 INFO o.a.j.t.JMeterThread: Thread started: Spike Test - Admin Import (0?100?0) 1-51
2026-08-18 05:27:58,288 INFO o.a.j.t.JMeterThread: Thread started: Spike Test - Admin Import (0?100?0) 1-52
2026-08-18 05:27:58,339 INFO o.a.j.t.JMeterThread: Thread started: Spike Test - Admin Import (0?100?0) 1-53
2026-08-18 05:27:58,389 INFO o.a.j.t.JMeterThread: Thread started: Spike Test - Admin Import (0?100?0) 1-54
2026-08-18 05:27:58,439 INFO o.a.j.t.JMeterThread: Thread started: Spike Test - Admin Import (0?100?0) 1-55
2026-08-18 05:27:58,489 INFO o.a.j.t.JMeterThread: Thread started: Spike Test - Admin Import (0?100?0) 1-56
2026-08-18 05:27:58,539 INFO o.a.j.t.JMeterThread: Thread started: Spike Test - Admin Import (0?100?0) 1-57
2026-08-18 05:27:58,588 INFO o.a.j.t.JMeterThread: Thread started: Spike Test - Admin Import (0?100?0) 1-58
2026-08-18 05:27:58,601 INFO o.a.j.t.JMeterThread: Thread is done: Spike Test - Admin Import (0?100?0) 1-11
2026-08-18 05:27:58,601 INFO o.a.j.t.JMeterThread: Thread finished: Spike Test - Admin Import (0?100?0) 1-11
2026-08-18 05:27:58,638 INFO o.a.j.t.JMeterThread: Thread is done: Spike Test - Admin Import (0?100?0) 1-1
2026-08-18 05:27:58,638 INFO o.a.j.t.JMeterThread: Thread finished: Spike Test - Admin Import (0?100?0) 1-1
2026-08-18 05:27:58,639 INFO o.a.j.t.JMeterThread: Thread started: Spike Test - Admin Import (0?100?0) 1-59
2026-08-18 05:27:58,664 INFO o.a.j.t.JMeterThread: Thread is done: Spike Test - Admin Import (0?100?0) 1-2
2026-08-18 05:27:58,664 INFO o.a.j.t.JMeterThread: Thread finished: Spike Test - Admin Import (0?100?0) 1-2
2026-08-18 05:27:58,680 INFO o.a.j.t.JMeterThread: Thread is done: Spike Test - Admin Import (0?100?0) 1-12
2026-08-18 05:27:58,680 INFO o.a.j.t.JMeterThread: Thread finished: Spike Test - Admin Import (0?100?0) 1-12
2026-08-18 05:27:58,689 INFO o.a.j.t.JMeterThread: Thread started: Spike Test - Admin Import (0?100?0) 1-60
2026-08-18 05:27:58,739 INFO o.a.j.t.JMeterThread: Thread started: Spike Test - Admin Import (0?100?0) 1-61
2026-08-18 05:27:58,788 INFO o.a.j.t.JMeterThread: Thread started: Spike Test - Admin Import (0?100?0) 1-62
2026-08-18 05:27:58,838 INFO o.a.j.t.JMeterThread: Thread started: Spike Test - Admin Import (0?100?0) 1-63
2026-08-18 05:27:58,874 INFO o.a.j.t.JMeterThread: Thread is done: Spike Test - Admin Import (0?100?0) 1-3
2026-08-18 05:27:58,874 INFO o.a.j.t.JMeterThread: Thread finished: Spike Test - Admin Import (0?100?0) 1-3
2026-08-18 05:27:58,888 INFO o.a.j.t.JMeterThread: Thread started: Spike Test - Admin Import (0?100?0) 1-64
2026-08-18 05:27:58,888 INFO o.a.j.t.JMeterThread: Thread is done: Spike Test - Admin Import (0?100?0) 1-13
2026-08-18 05:27:58,888 INFO o.a.j.t.JMeterThread: Thread finished: Spike Test - Admin Import (0?100?0) 1-13
2026-08-18 05:27:58,938 INFO o.a.j.t.JMeterThread: Thread started: Spike Test - Admin Import (0?100?0) 1-65
2026-08-18 05:27:58,988 INFO o.a.j.t.JMeterThread: Thread started: Spike Test - Admin Import (0?100?0) 1-66
2026-08-18 05:27:59,000 INFO o.a.j.t.JMeterThread: Thread is done: Spike Test - Admin Import (0?100?0) 1-4
2026-08-18 05:27:59,000 INFO o.a.j.t.JMeterThread: Thread finished: Spike Test - Admin Import (0?100?0) 1-4
2026-08-18 05:27:59,039 INFO o.a.j.t.JMeterThread: Thread started: Spike Test - Admin Import (0?100?0) 1-67
2026-08-18 05:27:59,083 INFO o.a.j.t.JMeterThread: Thread is done: Spike Test - Admin Import (0?100?0) 1-21
2026-08-18 05:27:59,083 INFO o.a.j.t.JMeterThread: Thread finished: Spike Test - Admin Import (0?100?0) 1-21
2026-08-18 05:27:59,089 INFO o.a.j.t.JMeterThread: Thread started: Spike Test - Admin Import (0?100?0) 1-68
2026-08-18 05:27:59,138 INFO o.a.j.t.JMeterThread: Thread started: Spike Test - Admin Import (0?100?0) 1-69
2026-08-18 05:27:59,160 INFO o.a.j.t.JMeterThread: Thread is done: Spike Test - Admin Import (0?100?0) 1-5
2026-08-18 05:27:59,160 INFO o.a.j.t.JMeterThread: Thread finished: Spike Test - Admin Import (0?100?0) 1-5
2026-08-18 05:27:59,179 INFO o.a.j.t.JMeterThread: Thread is done: Spike Test - Admin Import (0?100?0) 1-14
2026-08-18 05:27:59,179 INFO o.a.j.t.JMeterThread: Thread finished: Spike Test - Admin Import (0?100?0) 1-14
2026-08-18 05:27:59,189 INFO o.a.j.t.JMeterThread: Thread started: Spike Test - Admin Import (0?100?0) 1-70
2026-08-18 05:27:59,239 INFO o.a.j.t.JMeterThread: Thread started: Spike Test - Admin Import (0?100?0) 1-71
2026-08-18 05:27:59,289 INFO o.a.j.t.JMeterThread: Thread started: Spike Test - Admin Import (0?100?0) 1-72
2026-08-18 05:27:59,304 INFO o.a.j.t.JMeterThread: Thread is done: Spike Test - Admin Import (0?100?0) 1-22
2026-08-18 05:27:59,304 INFO o.a.j.t.JMeterThread: Thread finished: Spike Test - Admin Import (0?100?0) 1-22
2026-08-18 05:27:59,339 INFO o.a.j.t.JMeterThread: Thread started: Spike Test - Admin Import (0?100?0) 1-73
2026-08-18 05:27:59,389 INFO o.a.j.t.JMeterThread: Thread started: Spike Test - Admin Import (0?100?0) 1-74
2026-08-18 05:27:59,399 INFO o.a.j.t.JMeterThread: Thread is done: Spike Test - Admin Import (0?100?0) 1-6
2026-08-18 05:27:59,399 INFO o.a.j.t.JMeterThread: Thread finished: Spike Test - Admin Import (0?100?0) 1-6
2026-08-18 05:27:59,438 INFO o.a.j.t.JMeterThread: Thread started: Spike Test - Admin Import (0?100?0) 1-75
2026-08-18 05:27:59,465 INFO o.a.j.t.JMeterThread: Thread is done: Spike Test - Admin Import (0?100?0) 1-15
2026-08-18 05:27:59,465 INFO o.a.j.t.JMeterThread: Thread finished: Spike Test - Admin Import (0?100?0) 1-15
2026-08-18 05:27:59,489 INFO o.a.j.t.JMeterThread: Thread started: Spike Test - Admin Import (0?100?0) 1-76
2026-08-18 05:27:59,504 INFO o.a.j.t.JMeterThread: Thread is done: Spike Test - Admin Import (0?100?0) 1-7
2026-08-18 05:27:59,504 INFO o.a.j.t.JMeterThread: Thread finished: Spike Test - Admin Import (0?100?0) 1-7
2026-08-18 05:27:59,538 INFO o.a.j.t.JMeterThread: Thread started: Spike Test - Admin Import (0?100?0) 1-77
2026-08-18 05:27:59,569 INFO o.a.j.t.JMeterThread: Thread is done: Spike Test - Admin Import (0?100?0) 1-23
2026-08-18 05:27:59,569 INFO o.a.j.t.JMeterThread: Thread finished: Spike Test - Admin Import (0?100?0) 1-23
2026-08-18 05:27:59,588 INFO o.a.j.t.JMeterThread: Thread started: Spike Test - Admin Import (0?100?0) 1-78
2026-08-18 05:27:59,625 INFO o.a.j.t.JMeterThread: Thread is done: Spike Test - Admin Import (0?100?0) 1-16
2026-08-18 05:27:59,625 INFO o.a.j.t.JMeterThread: Thread finished: Spike Test - Admin Import (0?100?0) 1-16
2026-08-18 05:27:59,638 INFO o.a.j.t.JMeterThread: Thread started: Spike Test - Admin Import (0?100?0) 1-79
2026-08-18 05:27:59,689 INFO o.a.j.t.JMeterThread: Thread started: Spike Test - Admin Import (0?100?0) 1-80
2026-08-18 05:27:59,738 INFO o.a.j.t.JMeterThread: Thread started: Spike Test - Admin Import (0?100?0) 1-81
2026-08-18 05:27:59,752 INFO o.a.j.t.JMeterThread: Thread is done: Spike Test - Admin Import (0?100?0) 1-31
2026-08-18 05:27:59,752 INFO o.a.j.t.JMeterThread: Thread finished: Spike Test - Admin Import (0?100?0) 1-31
2026-08-18 05:27:59,788 INFO o.a.j.t.JMeterThread: Thread started: Spike Test - Admin Import (0?100?0) 1-82
2026-08-18 05:27:59,790 INFO o.a.j.t.JMeterThread: Thread is done: Spike Test - Admin Import (0?100?0) 1-8
2026-08-18 05:27:59,790 INFO o.a.j.t.JMeterThread: Thread finished: Spike Test - Admin Import (0?100?0) 1-8
2026-08-18 05:27:59,833 INFO o.a.j.t.JMeterThread: Thread is done: Spike Test - Admin Import (0?100?0) 1-24
2026-08-18 05:27:59,833 INFO o.a.j.t.JMeterThread: Thread finished: Spike Test - Admin Import (0?100?0) 1-24
2026-08-18 05:27:59,839 INFO o.a.j.t.JMeterThread: Thread started: Spike Test - Admin Import (0?100?0) 1-83
2026-08-18 05:27:59,872 INFO o.a.j.t.JMeterThread: Thread is done: Spike Test - Admin Import (0?100?0) 1-32
2026-08-18 05:27:59,872 INFO o.a.j.t.JMeterThread: Thread finished: Spike Test - Admin Import (0?100?0) 1-32
2026-08-18 05:27:59,888 INFO o.a.j.t.JMeterThread: Thread started: Spike Test - Admin Import (0?100?0) 1-84
2026-08-18 05:27:59,894 INFO o.a.j.t.JMeterThread: Thread is done: Spike Test - Admin Import (0?100?0) 1-17
2026-08-18 05:27:59,894 INFO o.a.j.t.JMeterThread: Thread finished: Spike Test - Admin Import (0?100?0) 1-17
2026-08-18 05:27:59,938 INFO o.a.j.t.JMeterThread: Thread started: Spike Test - Admin Import (0?100?0) 1-85
2026-08-18 05:27:59,963 INFO o.a.j.t.JMeterThread: Thread is done: Spike Test - Admin Import (0?100?0) 1-9
2026-08-18 05:27:59,963 INFO o.a.j.t.JMeterThread: Thread finished: Spike Test - Admin Import (0?100?0) 1-9
2026-08-18 05:27:59,988 INFO o.a.j.t.JMeterThread: Thread started: Spike Test - Admin Import (0?100?0) 1-86
2026-08-18 05:28:00,011 INFO o.a.j.r.Summariser: summary +    191 in 00:00:34 =    5.6/s Avg:   199 Min:     1 Max:  1752 Err:     0 (0.00%) Active: 64 Started: 86 Finished: 22
2026-08-18 05:28:00,012 INFO o.a.j.t.JMeterThread: Thread is done: Spike Test - Admin Import (0?100?0) 1-10
2026-08-18 05:28:00,012 INFO o.a.j.t.JMeterThread: Thread finished: Spike Test - Admin Import (0?100?0) 1-10
2026-08-18 05:28:00,039 INFO o.a.j.t.JMeterThread: Thread started: Spike Test - Admin Import (0?100?0) 1-87
2026-08-18 05:28:00,077 INFO o.a.j.t.JMeterThread: Thread is done: Spike Test - Admin Import (0?100?0) 1-25
2026-08-18 05:28:00,077 INFO o.a.j.t.JMeterThread: Thread finished: Spike Test - Admin Import (0?100?0) 1-25
2026-08-18 05:28:00,089 INFO o.a.j.t.JMeterThread: Thread started: Spike Test - Admin Import (0?100?0) 1-88
2026-08-18 05:28:00,139 INFO o.a.j.t.JMeterThread: Thread started: Spike Test - Admin Import (0?100?0) 1-89
2026-08-18 05:28:00,163 INFO o.a.j.t.JMeterThread: Thread is done: Spike Test - Admin Import (0?100?0) 1-18
2026-08-18 05:28:00,163 INFO o.a.j.t.JMeterThread: Thread finished: Spike Test - Admin Import (0?100?0) 1-18
2026-08-18 05:28:00,188 INFO o.a.j.t.JMeterThread: Thread started: Spike Test - Admin Import (0?100?0) 1-90
2026-08-18 05:28:00,239 INFO o.a.j.t.JMeterThread: Thread started: Spike Test - Admin Import (0?100?0) 1-91
2026-08-18 05:28:00,289 INFO o.a.j.t.JMeterThread: Thread started: Spike Test - Admin Import (0?100?0) 1-92
2026-08-18 05:28:00,319 INFO o.a.j.t.JMeterThread: Thread is done: Spike Test - Admin Import (0?100?0) 1-33
2026-08-18 05:28:00,319 INFO o.a.j.t.JMeterThread: Thread finished: Spike Test - Admin Import (0?100?0) 1-33
2026-08-18 05:28:00,339 INFO o.a.j.t.JMeterThread: Thread started: Spike Test - Admin Import (0?100?0) 1-93
2026-08-18 05:28:00,389 INFO o.a.j.t.JMeterThread: Thread started: Spike Test - Admin Import (0?100?0) 1-94
2026-08-18 05:28:00,411 INFO o.a.j.t.JMeterThread: Thread is done: Spike Test - Admin Import (0?100?0) 1-41
2026-08-18 05:28:00,411 INFO o.a.j.t.JMeterThread: Thread finished: Spike Test - Admin Import (0?100?0) 1-41
2026-08-18 05:28:00,438 INFO o.a.j.t.JMeterThread: Thread started: Spike Test - Admin Import (0?100?0) 1-95
2026-08-18 05:28:00,466 INFO o.a.j.t.JMeterThread: Thread is done: Spike Test - Admin Import (0?100?0) 1-26
2026-08-18 05:28:00,466 INFO o.a.j.t.JMeterThread: Thread finished: Spike Test - Admin Import (0?100?0) 1-26
2026-08-18 05:28:00,488 INFO o.a.j.t.JMeterThread: Thread started: Spike Test - Admin Import (0?100?0) 1-96
2026-08-18 05:28:00,539 INFO o.a.j.t.JMeterThread: Thread started: Spike Test - Admin Import (0?100?0) 1-97
2026-08-18 05:28:00,567 INFO o.a.j.t.JMeterThread: Thread is done: Spike Test - Admin Import (0?100?0) 1-19
2026-08-18 05:28:00,567 INFO o.a.j.t.JMeterThread: Thread finished: Spike Test - Admin Import (0?100?0) 1-19
2026-08-18 05:28:00,589 INFO o.a.j.t.JMeterThread: Thread started: Spike Test - Admin Import (0?100?0) 1-98
2026-08-18 05:28:00,622 INFO o.a.j.t.JMeterThread: Thread is done: Spike Test - Admin Import (0?100?0) 1-20
2026-08-18 05:28:00,622 INFO o.a.j.t.JMeterThread: Thread finished: Spike Test - Admin Import (0?100?0) 1-20
2026-08-18 05:28:00,625 INFO o.a.j.t.JMeterThread: Thread is done: Spike Test - Admin Import (0?100?0) 1-42
2026-08-18 05:28:00,625 INFO o.a.j.t.JMeterThread: Thread finished: Spike Test - Admin Import (0?100?0) 1-42
2026-08-18 05:28:00,638 INFO o.a.j.t.JMeterThread: Thread started: Spike Test - Admin Import (0?100?0) 1-99
2026-08-18 05:28:00,674 INFO o.a.j.t.JMeterThread: Thread is done: Spike Test - Admin Import (0?100?0) 1-27
2026-08-18 05:28:00,674 INFO o.a.j.t.JMeterThread: Thread finished: Spike Test - Admin Import (0?100?0) 1-27
2026-08-18 05:28:00,678 INFO o.a.j.t.JMeterThread: Thread is done: Spike Test - Admin Import (0?100?0) 1-34
2026-08-18 05:28:00,678 INFO o.a.j.t.JMeterThread: Thread finished: Spike Test - Admin Import (0?100?0) 1-34
2026-08-18 05:28:00,689 INFO o.a.j.t.JMeterThread: Thread started: Spike Test - Admin Import (0?100?0) 1-100
2026-08-18 05:28:00,877 INFO o.a.j.t.JMeterThread: Thread is done: Spike Test - Admin Import (0?100?0) 1-43
2026-08-18 05:28:00,877 INFO o.a.j.t.JMeterThread: Thread finished: Spike Test - Admin Import (0?100?0) 1-43
2026-08-18 05:28:00,888 INFO o.a.j.t.JMeterThread: Thread is done: Spike Test - Admin Import (0?100?0) 1-28
2026-08-18 05:28:00,888 INFO o.a.j.t.JMeterThread: Thread finished: Spike Test - Admin Import (0?100?0) 1-28
2026-08-18 05:28:00,917 INFO o.a.j.t.JMeterThread: Thread is done: Spike Test - Admin Import (0?100?0) 1-35
2026-08-18 05:28:00,917 INFO o.a.j.t.JMeterThread: Thread finished: Spike Test - Admin Import (0?100?0) 1-35
2026-08-18 05:28:00,993 INFO o.a.j.t.JMeterThread: Thread is done: Spike Test - Admin Import (0?100?0) 1-51
2026-08-18 05:28:00,993 INFO o.a.j.t.JMeterThread: Thread finished: Spike Test - Admin Import (0?100?0) 1-51
2026-08-18 05:28:01,198 INFO o.a.j.t.JMeterThread: Thread is done: Spike Test - Admin Import (0?100?0) 1-29
2026-08-18 05:28:01,198 INFO o.a.j.t.JMeterThread: Thread finished: Spike Test - Admin Import (0?100?0) 1-29
2026-08-18 05:28:01,254 INFO o.a.j.t.JMeterThread: Thread is done: Spike Test - Admin Import (0?100?0) 1-36
2026-08-18 05:28:01,254 INFO o.a.j.t.JMeterThread: Thread finished: Spike Test - Admin Import (0?100?0) 1-36
2026-08-18 05:28:01,387 INFO o.a.j.t.JMeterThread: Thread is done: Spike Test - Admin Import (0?100?0) 1-52
2026-08-18 05:28:01,387 INFO o.a.j.t.JMeterThread: Thread finished: Spike Test - Admin Import (0?100?0) 1-52
2026-08-18 05:28:01,455 INFO o.a.j.t.JMeterThread: Thread is done: Spike Test - Admin Import (0?100?0) 1-44
2026-08-18 05:28:01,455 INFO o.a.j.t.JMeterThread: Thread finished: Spike Test - Admin Import (0?100?0) 1-44
2026-08-18 05:28:01,473 INFO o.a.j.t.JMeterThread: Thread is done: Spike Test - Admin Import (0?100?0) 1-37
2026-08-18 05:28:01,473 INFO o.a.j.t.JMeterThread: Thread finished: Spike Test - Admin Import (0?100?0) 1-37
2026-08-18 05:28:01,508 INFO o.a.j.t.JMeterThread: Thread is done: Spike Test - Admin Import (0?100?0) 1-53
2026-08-18 05:28:01,508 INFO o.a.j.t.JMeterThread: Thread finished: Spike Test - Admin Import (0?100?0) 1-53
2026-08-18 05:28:01,564 INFO o.a.j.t.JMeterThread: Thread is done: Spike Test - Admin Import (0?100?0) 1-61
2026-08-18 05:28:01,564 INFO o.a.j.t.JMeterThread: Thread finished: Spike Test - Admin Import (0?100?0) 1-61
2026-08-18 05:28:01,576 INFO o.a.j.t.JMeterThread: Thread is done: Spike Test - Admin Import (0?100?0) 1-30
2026-08-18 05:28:01,576 INFO o.a.j.t.JMeterThread: Thread finished: Spike Test - Admin Import (0?100?0) 1-30
2026-08-18 05:28:01,618 INFO o.a.j.t.JMeterThread: Thread is done: Spike Test - Admin Import (0?100?0) 1-45
2026-08-18 05:28:01,618 INFO o.a.j.t.JMeterThread: Thread finished: Spike Test - Admin Import (0?100?0) 1-45
2026-08-18 05:28:01,831 INFO o.a.j.t.JMeterThread: Thread is done: Spike Test - Admin Import (0?100?0) 1-38
2026-08-18 05:28:01,831 INFO o.a.j.t.JMeterThread: Thread finished: Spike Test - Admin Import (0?100?0) 1-38
2026-08-18 05:28:01,865 INFO o.a.j.t.JMeterThread: Thread is done: Spike Test - Admin Import (0?100?0) 1-62
2026-08-18 05:28:01,865 INFO o.a.j.t.JMeterThread: Thread finished: Spike Test - Admin Import (0?100?0) 1-62
2026-08-18 05:28:01,887 INFO o.a.j.t.JMeterThread: Thread is done: Spike Test - Admin Import (0?100?0) 1-46
2026-08-18 05:28:01,887 INFO o.a.j.t.JMeterThread: Thread finished: Spike Test - Admin Import (0?100?0) 1-46
2026-08-18 05:28:01,933 INFO o.a.j.t.JMeterThread: Thread is done: Spike Test - Admin Import (0?100?0) 1-54
2026-08-18 05:28:01,933 INFO o.a.j.t.JMeterThread: Thread finished: Spike Test - Admin Import (0?100?0) 1-54
2026-08-18 05:28:02,076 INFO o.a.j.t.JMeterThread: Thread is done: Spike Test - Admin Import (0?100?0) 1-71
2026-08-18 05:28:02,076 INFO o.a.j.t.JMeterThread: Thread finished: Spike Test - Admin Import (0?100?0) 1-71
2026-08-18 05:28:02,141 INFO o.a.j.t.JMeterThread: Thread is done: Spike Test - Admin Import (0?100?0) 1-63
2026-08-18 05:28:02,141 INFO o.a.j.t.JMeterThread: Thread finished: Spike Test - Admin Import (0?100?0) 1-63
2026-08-18 05:28:02,167 INFO o.a.j.t.JMeterThread: Thread is done: Spike Test - Admin Import (0?100?0) 1-39
2026-08-18 05:28:02,167 INFO o.a.j.t.JMeterThread: Thread finished: Spike Test - Admin Import (0?100?0) 1-39
2026-08-18 05:28:02,245 INFO o.a.j.t.JMeterThread: Thread is done: Spike Test - Admin Import (0?100?0) 1-55
2026-08-18 05:28:02,246 INFO o.a.j.t.JMeterThread: Thread finished: Spike Test - Admin Import (0?100?0) 1-55
2026-08-18 05:28:02,339 INFO o.a.j.t.JMeterThread: Thread is done: Spike Test - Admin Import (0?100?0) 1-47
2026-08-18 05:28:02,339 INFO o.a.j.t.JMeterThread: Thread finished: Spike Test - Admin Import (0?100?0) 1-47
2026-08-18 05:28:02,393 INFO o.a.j.t.JMeterThread: Thread is done: Spike Test - Admin Import (0?100?0) 1-72
2026-08-18 05:28:02,393 INFO o.a.j.t.JMeterThread: Thread finished: Spike Test - Admin Import (0?100?0) 1-72
2026-08-18 05:28:02,508 INFO o.a.j.t.JMeterThread: Thread is done: Spike Test - Admin Import (0?100?0) 1-64
2026-08-18 05:28:02,509 INFO o.a.j.t.JMeterThread: Thread finished: Spike Test - Admin Import (0?100?0) 1-64
2026-08-18 05:28:02,550 INFO o.a.j.t.JMeterThread: Thread is done: Spike Test - Admin Import (0?100?0) 1-56
2026-08-18 05:28:02,550 INFO o.a.j.t.JMeterThread: Thread finished: Spike Test - Admin Import (0?100?0) 1-56
2026-08-18 05:28:02,572 INFO o.a.j.t.JMeterThread: Thread is done: Spike Test - Admin Import (0?100?0) 1-40
2026-08-18 05:28:02,572 INFO o.a.j.t.JMeterThread: Thread finished: Spike Test - Admin Import (0?100?0) 1-40
2026-08-18 05:28:02,638 INFO o.a.j.t.JMeterThread: Thread is done: Spike Test - Admin Import (0?100?0) 1-48
2026-08-18 05:28:02,638 INFO o.a.j.t.JMeterThread: Thread finished: Spike Test - Admin Import (0?100?0) 1-48
2026-08-18 05:28:02,650 INFO o.a.j.t.JMeterThread: Thread is done: Spike Test - Admin Import (0?100?0) 1-81
2026-08-18 05:28:02,650 INFO o.a.j.t.JMeterThread: Thread finished: Spike Test - Admin Import (0?100?0) 1-81
2026-08-18 05:28:02,794 INFO o.a.j.t.JMeterThread: Thread is done: Spike Test - Admin Import (0?100?0) 1-73
2026-08-18 05:28:02,794 INFO o.a.j.t.JMeterThread: Thread finished: Spike Test - Admin Import (0?100?0) 1-73
2026-08-18 05:28:02,896 INFO o.a.j.t.JMeterThread: Thread is done: Spike Test - Admin Import (0?100?0) 1-57
2026-08-18 05:28:02,896 INFO o.a.j.t.JMeterThread: Thread finished: Spike Test - Admin Import (0?100?0) 1-57
2026-08-18 05:28:02,920 INFO o.a.j.t.JMeterThread: Thread is done: Spike Test - Admin Import (0?100?0) 1-49
2026-08-18 05:28:02,920 INFO o.a.j.t.JMeterThread: Thread finished: Spike Test - Admin Import (0?100?0) 1-49
2026-08-18 05:28:02,979 INFO o.a.j.t.JMeterThread: Thread is done: Spike Test - Admin Import (0?100?0) 1-82
2026-08-18 05:28:02,979 INFO o.a.j.t.JMeterThread: Thread finished: Spike Test - Admin Import (0?100?0) 1-82
2026-08-18 05:28:03,040 INFO o.a.j.t.JMeterThread: Thread is done: Spike Test - Admin Import (0?100?0) 1-65
2026-08-18 05:28:03,040 INFO o.a.j.t.JMeterThread: Thread finished: Spike Test - Admin Import (0?100?0) 1-65
2026-08-18 05:28:03,135 INFO o.a.j.t.JMeterThread: Thread is done: Spike Test - Admin Import (0?100?0) 1-74
2026-08-18 05:28:03,135 INFO o.a.j.t.JMeterThread: Thread finished: Spike Test - Admin Import (0?100?0) 1-74
2026-08-18 05:28:03,142 INFO o.a.j.t.JMeterThread: Thread is done: Spike Test - Admin Import (0?100?0) 1-91
2026-08-18 05:28:03,142 INFO o.a.j.t.JMeterThread: Thread finished: Spike Test - Admin Import (0?100?0) 1-91
2026-08-18 05:28:03,319 INFO o.a.j.t.JMeterThread: Thread is done: Spike Test - Admin Import (0?100?0) 1-58
2026-08-18 05:28:03,319 INFO o.a.j.t.JMeterThread: Thread finished: Spike Test - Admin Import (0?100?0) 1-58
2026-08-18 05:28:03,355 INFO o.a.j.t.JMeterThread: Thread is done: Spike Test - Admin Import (0?100?0) 1-50
2026-08-18 05:28:03,355 INFO o.a.j.t.JMeterThread: Thread finished: Spike Test - Admin Import (0?100?0) 1-50
2026-08-18 05:28:03,394 INFO o.a.j.t.JMeterThread: Thread is done: Spike Test - Admin Import (0?100?0) 1-75
2026-08-18 05:28:03,394 INFO o.a.j.t.JMeterThread: Thread finished: Spike Test - Admin Import (0?100?0) 1-75
2026-08-18 05:28:03,426 INFO o.a.j.t.JMeterThread: Thread is done: Spike Test - Admin Import (0?100?0) 1-66
2026-08-18 05:28:03,426 INFO o.a.j.t.JMeterThread: Thread finished: Spike Test - Admin Import (0?100?0) 1-66
2026-08-18 05:28:03,450 INFO o.a.j.t.JMeterThread: Thread is done: Spike Test - Admin Import (0?100?0) 1-92
2026-08-18 05:28:03,450 INFO o.a.j.t.JMeterThread: Thread finished: Spike Test - Admin Import (0?100?0) 1-92
2026-08-18 05:28:03,506 INFO o.a.j.t.JMeterThread: Thread is done: Spike Test - Admin Import (0?100?0) 1-83
2026-08-18 05:28:03,506 INFO o.a.j.t.JMeterThread: Thread finished: Spike Test - Admin Import (0?100?0) 1-83
2026-08-18 05:28:03,585 INFO o.a.j.t.JMeterThread: Thread is done: Spike Test - Admin Import (0?100?0) 1-67
2026-08-18 05:28:03,586 INFO o.a.j.t.JMeterThread: Thread finished: Spike Test - Admin Import (0?100?0) 1-67
2026-08-18 05:28:03,615 INFO o.a.j.t.JMeterThread: Thread is done: Spike Test - Admin Import (0?100?0) 1-84
2026-08-18 05:28:03,615 INFO o.a.j.t.JMeterThread: Thread finished: Spike Test - Admin Import (0?100?0) 1-84
2026-08-18 05:28:03,641 INFO o.a.j.t.JMeterThread: Thread is done: Spike Test - Admin Import (0?100?0) 1-59
2026-08-18 05:28:03,641 INFO o.a.j.t.JMeterThread: Thread finished: Spike Test - Admin Import (0?100?0) 1-59
2026-08-18 05:28:03,647 INFO o.a.j.t.JMeterThread: Thread is done: Spike Test - Admin Import (0?100?0) 1-76
2026-08-18 05:28:03,647 INFO o.a.j.t.JMeterThread: Thread finished: Spike Test - Admin Import (0?100?0) 1-76
2026-08-18 05:28:03,673 INFO o.a.j.t.JMeterThread: Thread is done: Spike Test - Admin Import (0?100?0) 1-93
2026-08-18 05:28:03,673 INFO o.a.j.t.JMeterThread: Thread finished: Spike Test - Admin Import (0?100?0) 1-93
2026-08-18 05:28:03,723 INFO o.a.j.t.JMeterThread: Thread is done: Spike Test - Admin Import (0?100?0) 1-60
2026-08-18 05:28:03,723 INFO o.a.j.t.JMeterThread: Thread finished: Spike Test - Admin Import (0?100?0) 1-60
2026-08-18 05:28:03,741 INFO o.a.j.t.JMeterThread: Thread is done: Spike Test - Admin Import (0?100?0) 1-68
2026-08-18 05:28:03,741 INFO o.a.j.t.JMeterThread: Thread finished: Spike Test - Admin Import (0?100?0) 1-68
2026-08-18 05:28:03,845 INFO o.a.j.t.JMeterThread: Thread is done: Spike Test - Admin Import (0?100?0) 1-69
2026-08-18 05:28:03,845 INFO o.a.j.t.JMeterThread: Thread finished: Spike Test - Admin Import (0?100?0) 1-69
2026-08-18 05:28:03,917 INFO o.a.j.t.JMeterThread: Thread is done: Spike Test - Admin Import (0?100?0) 1-85
2026-08-18 05:28:03,917 INFO o.a.j.t.JMeterThread: Thread finished: Spike Test - Admin Import (0?100?0) 1-85
2026-08-18 05:28:03,949 INFO o.a.j.t.JMeterThread: Thread is done: Spike Test - Admin Import (0?100?0) 1-94
2026-08-18 05:28:03,949 INFO o.a.j.t.JMeterThread: Thread finished: Spike Test - Admin Import (0?100?0) 1-94
2026-08-18 05:28:04,013 INFO o.a.j.t.JMeterThread: Thread is done: Spike Test - Admin Import (0?100?0) 1-77
2026-08-18 05:28:04,013 INFO o.a.j.t.JMeterThread: Thread finished: Spike Test - Admin Import (0?100?0) 1-77
2026-08-18 05:28:04,043 INFO o.a.j.t.JMeterThread: Thread is done: Spike Test - Admin Import (0?100?0) 1-86
2026-08-18 05:28:04,044 INFO o.a.j.t.JMeterThread: Thread finished: Spike Test - Admin Import (0?100?0) 1-86
2026-08-18 05:28:04,059 INFO o.a.j.t.JMeterThread: Thread is done: Spike Test - Admin Import (0?100?0) 1-95
2026-08-18 05:28:04,059 INFO o.a.j.t.JMeterThread: Thread finished: Spike Test - Admin Import (0?100?0) 1-95
2026-08-18 05:28:04,153 INFO o.a.j.t.JMeterThread: Thread is done: Spike Test - Admin Import (0?100?0) 1-78
2026-08-18 05:28:04,153 INFO o.a.j.t.JMeterThread: Thread finished: Spike Test - Admin Import (0?100?0) 1-78
2026-08-18 05:28:04,184 INFO o.a.j.t.JMeterThread: Thread is done: Spike Test - Admin Import (0?100?0) 1-70
2026-08-18 05:28:04,185 INFO o.a.j.t.JMeterThread: Thread finished: Spike Test - Admin Import (0?100?0) 1-70
2026-08-18 05:28:04,231 INFO o.a.j.t.JMeterThread: Thread is done: Spike Test - Admin Import (0?100?0) 1-96
2026-08-18 05:28:04,231 INFO o.a.j.t.JMeterThread: Thread finished: Spike Test - Admin Import (0?100?0) 1-96
2026-08-18 05:28:04,305 INFO o.a.j.t.JMeterThread: Thread is done: Spike Test - Admin Import (0?100?0) 1-87
2026-08-18 05:28:04,305 INFO o.a.j.t.JMeterThread: Thread finished: Spike Test - Admin Import (0?100?0) 1-87
2026-08-18 05:28:04,357 INFO o.a.j.t.JMeterThread: Thread is done: Spike Test - Admin Import (0?100?0) 1-79
2026-08-18 05:28:04,357 INFO o.a.j.t.JMeterThread: Thread finished: Spike Test - Admin Import (0?100?0) 1-79
2026-08-18 05:28:04,358 INFO o.a.j.t.JMeterThread: Thread is done: Spike Test - Admin Import (0?100?0) 1-97
2026-08-18 05:28:04,358 INFO o.a.j.t.JMeterThread: Thread finished: Spike Test - Admin Import (0?100?0) 1-97
2026-08-18 05:28:04,369 INFO o.a.j.t.JMeterThread: Thread is done: Spike Test - Admin Import (0?100?0) 1-88
2026-08-18 05:28:04,369 INFO o.a.j.t.JMeterThread: Thread finished: Spike Test - Admin Import (0?100?0) 1-88
2026-08-18 05:28:04,382 INFO o.a.j.t.JMeterThread: Thread is done: Spike Test - Admin Import (0?100?0) 1-89
2026-08-18 05:28:04,382 INFO o.a.j.t.JMeterThread: Thread finished: Spike Test - Admin Import (0?100?0) 1-89
2026-08-18 05:28:04,443 INFO o.a.j.t.JMeterThread: Thread is done: Spike Test - Admin Import (0?100?0) 1-80
2026-08-18 05:28:04,443 INFO o.a.j.t.JMeterThread: Thread finished: Spike Test - Admin Import (0?100?0) 1-80
2026-08-18 05:28:04,449 INFO o.a.j.t.JMeterThread: Thread is done: Spike Test - Admin Import (0?100?0) 1-98
2026-08-18 05:28:04,449 INFO o.a.j.t.JMeterThread: Thread finished: Spike Test - Admin Import (0?100?0) 1-98
2026-08-18 05:28:04,474 INFO o.a.j.t.JMeterThread: Thread is done: Spike Test - Admin Import (0?100?0) 1-99
2026-08-18 05:28:04,474 INFO o.a.j.t.JMeterThread: Thread finished: Spike Test - Admin Import (0?100?0) 1-99
2026-08-18 05:28:04,481 INFO o.a.j.t.JMeterThread: Thread is done: Spike Test - Admin Import (0?100?0) 1-90
2026-08-18 05:28:04,481 INFO o.a.j.t.JMeterThread: Thread finished: Spike Test - Admin Import (0?100?0) 1-90
2026-08-18 05:28:04,491 INFO o.a.j.t.JMeterThread: Thread is done: Spike Test - Admin Import (0?100?0) 1-100
2026-08-18 05:28:04,491 INFO o.a.j.t.JMeterThread: Thread finished: Spike Test - Admin Import (0?100?0) 1-100
2026-08-18 05:28:04,491 INFO o.a.j.e.StandardJMeterEngine: Notifying test listeners of end of test
2026-08-18 05:28:04,491 INFO o.a.j.s.FileServer: Close: E:/Documents/HCMUS/Semester3_Year3/KTPM/Testing/HW05/test-data/spike_import_products.csv
2026-08-18 05:28:04,494 INFO o.a.j.r.Summariser: summary +    210 in 00:00:04 =   46.8/s Avg:   587 Min:     9 Max:  2826 Err:     0 (0.00%) Active: 0 Started: 100 Finished: 100
2026-08-18 05:28:04,494 INFO o.a.j.r.Summariser: summary =    401 in 00:00:39 =   10.3/s Avg:   402 Min:     1 Max:  2826 Err:     0 (0.00%)
