2026-08-18 05:07:46,648 INFO o.a.j.u.JMeterUtils: Setting Locale to en_EN
2026-08-18 05:07:46,656 INFO o.a.j.JMeter: Loading user properties from: user.properties
2026-08-18 05:07:46,657 INFO o.a.j.JMeter: Loading system properties from: system.properties
2026-08-18 05:07:46,661 INFO o.a.j.JMeter: Copyright (c) 1998-2024 The Apache Software Foundation
2026-08-18 05:07:46,661 INFO o.a.j.JMeter: Version 5.6.3
2026-08-18 05:07:46,661 INFO o.a.j.JMeter: java.version=1.8.0_491
2026-08-18 05:07:46,661 INFO o.a.j.JMeter: java.vm.name=Java HotSpot(TM) 64-Bit Server VM
2026-08-18 05:07:46,661 INFO o.a.j.JMeter: os.name=Windows 11
2026-08-18 05:07:46,661 INFO o.a.j.JMeter: os.arch=amd64
2026-08-18 05:07:46,661 INFO o.a.j.JMeter: os.version=10.0
2026-08-18 05:07:46,661 INFO o.a.j.JMeter: file.encoding=Cp1258
2026-08-18 05:07:46,661 INFO o.a.j.JMeter: java.awt.headless=null
2026-08-18 05:07:46,661 INFO o.a.j.JMeter: Max memory     =1073741824
2026-08-18 05:07:46,661 INFO o.a.j.JMeter: Available Processors =20
2026-08-18 05:07:46,664 INFO o.a.j.JMeter: Default Locale=English (EN)
2026-08-18 05:07:46,664 INFO o.a.j.JMeter: JMeter  Locale=English (EN)
2026-08-18 05:07:46,664 INFO o.a.j.JMeter: JMeterHome=E:\Documents\HCMUS\Semester3_Year3\KTPM\Testing\HW05\jmeter
2026-08-18 05:07:46,664 INFO o.a.j.JMeter: user.dir  =E:\Documents\HCMUS\Semester3_Year3\KTPM\Testing\HW05\jmeter\bin
2026-08-18 05:07:46,664 INFO o.a.j.JMeter: PWD       =E:\Documents\HCMUS\Semester3_Year3\KTPM\Testing\HW05\jmeter\bin
2026-08-18 05:07:46,665 INFO o.a.j.JMeter: IP: 192.168.1.157 Name: NhanTran FullName: NhanTran
2026-08-18 05:07:46,674 INFO o.a.j.JMeter: Loaded icon properties from org/apache/jmeter/images/icon.properties
2026-08-18 05:07:46,822 INFO o.a.j.JMeterGuiLauncher: Setting LAF to: com.github.weisj.darklaf.DarkLaf:com.github.weisj.darklaf.theme.DarculaTheme
2026-08-18 05:08:03,125 INFO o.a.j.s.FileServer: Default base='E:\Documents\HCMUS\Semester3_Year3\KTPM\Testing\HW05\jmeter\bin'
2026-08-18 05:08:03,126 INFO o.a.j.g.a.Load: Loading file: E:\Documents\HCMUS\Semester3_Year3\KTPM\Testing\HW05\23127443_Load_OrdersMyOrders_20260817.jmx
2026-08-18 05:08:03,127 INFO o.a.j.s.FileServer: Set new base='E:\Documents\HCMUS\Semester3_Year3\KTPM\Testing\HW05'
2026-08-18 05:08:03,203 INFO o.a.j.s.SaveService: Testplan (JMX) version: 2.2. Testlog (JTL) version: 2.2
2026-08-18 05:08:03,219 INFO o.a.j.s.SaveService: Using SaveService properties file encoding UTF-8
2026-08-18 05:08:03,220 INFO o.a.j.s.SaveService: Using SaveService properties version 5.0
2026-08-18 05:08:03,222 INFO o.a.j.s.SaveService: Loading file: E:\Documents\HCMUS\Semester3_Year3\KTPM\Testing\HW05\23127443_Load_OrdersMyOrders_20260817.jmx
2026-08-18 05:08:03,245 INFO o.a.j.p.h.s.HTTPSamplerBase: Parser for text/html is org.apache.jmeter.protocol.http.parser.LagartoBasedHtmlParser
2026-08-18 05:08:03,245 INFO o.a.j.p.h.s.HTTPSamplerBase: Parser for application/xhtml+xml is org.apache.jmeter.protocol.http.parser.LagartoBasedHtmlParser
2026-08-18 05:08:03,245 INFO o.a.j.p.h.s.HTTPSamplerBase: Parser for application/xml is org.apache.jmeter.protocol.http.parser.LagartoBasedHtmlParser
2026-08-18 05:08:03,245 INFO o.a.j.p.h.s.HTTPSamplerBase: Parser for text/xml is org.apache.jmeter.protocol.http.parser.LagartoBasedHtmlParser
2026-08-18 05:08:03,245 INFO o.a.j.p.h.s.HTTPSamplerBase: Parser for text/vnd.wap.wml is org.apache.jmeter.protocol.http.parser.RegexpHTMLParser
2026-08-18 05:08:03,245 INFO o.a.j.p.h.s.HTTPSamplerBase: Parser for text/css is org.apache.jmeter.protocol.http.parser.CssParser
2026-08-18 05:08:03,495 INFO o.a.j.s.SampleResult: Note: Sample TimeStamps are START times
2026-08-18 05:08:03,496 INFO o.a.j.s.SampleResult: sampleresult.default.encoding is set to UTF-8
2026-08-18 05:08:03,496 INFO o.a.j.s.SampleResult: sampleresult.useNanoTime=true
2026-08-18 05:08:03,496 INFO o.a.j.s.SampleResult: sampleresult.nanoThreadSleep=5000
2026-08-18 05:08:03,632 INFO o.a.j.s.FileServer: Set new base='E:\Documents\HCMUS\Semester3_Year3\KTPM\Testing\HW05'
2026-08-18 05:08:11,063 INFO o.a.j.e.StandardJMeterEngine: Running the test!
2026-08-18 05:08:11,064 INFO o.a.j.s.SampleEvent: List of sample_variables: []
2026-08-18 05:08:11,064 INFO o.a.j.s.SampleEvent: List of sample_variables: []
2026-08-18 05:08:11,064 INFO o.a.j.e.u.CompoundVariable: Note: Function class names must contain the string: '.functions.'
2026-08-18 05:08:11,065 INFO o.a.j.e.u.CompoundVariable: Note: Function class names must not contain the string: '.gui.'
2026-08-18 05:08:11,226 INFO o.a.j.g.u.JMeterMenuBar: setRunning(true, *local*)
2026-08-18 05:08:11,226 INFO o.a.j.e.StandardJMeterEngine: Starting setUp thread groups
2026-08-18 05:08:11,226 INFO o.a.j.e.StandardJMeterEngine: Starting setUp ThreadGroup: 1 : Setup - Register Users 
2026-08-18 05:08:11,226 INFO o.a.j.e.StandardJMeterEngine: Starting 1 threads for group Setup - Register Users.
2026-08-18 05:08:11,226 INFO o.a.j.e.StandardJMeterEngine: Thread will continue on error
2026-08-18 05:08:11,226 INFO o.a.j.t.ThreadGroup: Starting thread group... number=1 threads=1 ramp-up=1 delayedStart=false
2026-08-18 05:08:11,229 INFO o.a.j.t.ThreadGroup: Started thread group number 1
2026-08-18 05:08:11,229 INFO o.a.j.e.StandardJMeterEngine: Waiting for all setup thread groups to exit
2026-08-18 05:08:11,232 INFO o.a.j.t.JMeterThread: Thread started: Setup - Register Users 1-1
2026-08-18 05:08:11,233 INFO o.a.j.s.FileServer: Stored: E:/Documents/HCMUS/Semester3_Year3/KTPM/Testing/HW05/test-data/load_orders.csv
2026-08-18 05:08:11,257 INFO o.a.j.p.h.s.HTTPHCAbstractImpl: Local host = NhanTran
2026-08-18 05:08:11,261 INFO o.a.j.p.h.s.HTTPHC4Impl: HTTP request retry count = 0
2026-08-18 05:08:11,425 INFO o.a.j.t.JMeterThread: Thread is done: Setup - Register Users 1-1
2026-08-18 05:08:11,425 INFO o.a.j.t.JMeterThread: Thread finished: Setup - Register Users 1-1
2026-08-18 05:08:11,426 INFO o.a.j.e.StandardJMeterEngine: All Setup Threads have ended
2026-08-18 05:08:11,528 INFO o.a.j.e.StandardJMeterEngine: Starting ThreadGroup: 1 : Load Test - Orders My-Orders
2026-08-18 05:08:11,528 INFO o.a.j.e.StandardJMeterEngine: Starting 100 threads for group Load Test - Orders My-Orders.
2026-08-18 05:08:11,528 INFO o.a.j.e.StandardJMeterEngine: Thread will continue on error
2026-08-18 05:08:11,528 INFO o.a.j.t.ThreadGroup: Starting thread group... number=1 threads=100 ramp-up=60 delayedStart=false
2026-08-18 05:08:11,533 INFO o.a.j.t.JMeterThread: Thread started: Load Test - Orders My-Orders 1-1
2026-08-18 05:08:11,568 INFO o.a.j.t.ThreadGroup: Started thread group number 1
2026-08-18 05:08:11,568 INFO o.a.j.e.StandardJMeterEngine: All thread groups have been started
2026-08-18 05:08:12,133 INFO o.a.j.t.JMeterThread: Thread started: Load Test - Orders My-Orders 1-2
2026-08-18 05:08:12,731 INFO o.a.j.t.JMeterThread: Thread started: Load Test - Orders My-Orders 1-3
2026-08-18 05:08:13,330 INFO o.a.j.t.JMeterThread: Thread started: Load Test - Orders My-Orders 1-4
2026-08-18 05:08:13,930 INFO o.a.j.t.JMeterThread: Thread started: Load Test - Orders My-Orders 1-5
2026-08-18 05:08:14,530 INFO o.a.j.t.JMeterThread: Thread started: Load Test - Orders My-Orders 1-6
2026-08-18 05:08:15,129 INFO o.a.j.t.JMeterThread: Thread started: Load Test - Orders My-Orders 1-7
2026-08-18 05:08:15,728 INFO o.a.j.t.JMeterThread: Thread started: Load Test - Orders My-Orders 1-8
2026-08-18 05:08:16,329 INFO o.a.j.t.JMeterThread: Thread started: Load Test - Orders My-Orders 1-9
2026-08-18 05:08:16,932 INFO o.a.j.t.JMeterThread: Thread started: Load Test - Orders My-Orders 1-10
2026-08-18 05:08:17,530 INFO o.a.j.t.JMeterThread: Thread started: Load Test - Orders My-Orders 1-11
2026-08-18 05:08:18,129 INFO o.a.j.t.JMeterThread: Thread started: Load Test - Orders My-Orders 1-12
2026-08-18 05:08:18,731 INFO o.a.j.t.JMeterThread: Thread started: Load Test - Orders My-Orders 1-13
2026-08-18 05:08:19,336 INFO o.a.j.t.JMeterThread: Thread started: Load Test - Orders My-Orders 1-14
2026-08-18 05:08:19,939 INFO o.a.j.t.JMeterThread: Thread started: Load Test - Orders My-Orders 1-15
2026-08-18 05:08:20,541 INFO o.a.j.t.JMeterThread: Thread started: Load Test - Orders My-Orders 1-16
2026-08-18 05:08:21,145 INFO o.a.j.t.JMeterThread: Thread started: Load Test - Orders My-Orders 1-17
2026-08-18 05:08:21,730 INFO o.a.j.t.JMeterThread: Thread started: Load Test - Orders My-Orders 1-18
2026-08-18 05:08:22,333 INFO o.a.j.t.JMeterThread: Thread started: Load Test - Orders My-Orders 1-19
2026-08-18 05:08:22,941 INFO o.a.j.t.JMeterThread: Thread started: Load Test - Orders My-Orders 1-20
2026-08-18 05:08:23,541 INFO o.a.j.t.JMeterThread: Thread started: Load Test - Orders My-Orders 1-21
2026-08-18 05:08:24,131 INFO o.a.j.t.JMeterThread: Thread started: Load Test - Orders My-Orders 1-22
2026-08-18 05:08:24,736 INFO o.a.j.t.JMeterThread: Thread started: Load Test - Orders My-Orders 1-23
2026-08-18 05:08:25,337 INFO o.a.j.t.JMeterThread: Thread started: Load Test - Orders My-Orders 1-24
2026-08-18 05:08:25,937 INFO o.a.j.t.JMeterThread: Thread started: Load Test - Orders My-Orders 1-25
2026-08-18 05:08:26,539 INFO o.a.j.t.JMeterThread: Thread started: Load Test - Orders My-Orders 1-26
2026-08-18 05:08:27,137 INFO o.a.j.t.JMeterThread: Thread started: Load Test - Orders My-Orders 1-27
2026-08-18 05:08:27,737 INFO o.a.j.t.JMeterThread: Thread started: Load Test - Orders My-Orders 1-28
2026-08-18 05:08:28,339 INFO o.a.j.t.JMeterThread: Thread started: Load Test - Orders My-Orders 1-29
2026-08-18 05:08:28,942 INFO o.a.j.t.JMeterThread: Thread started: Load Test - Orders My-Orders 1-30
2026-08-18 05:08:29,541 INFO o.a.j.t.JMeterThread: Thread started: Load Test - Orders My-Orders 1-31
2026-08-18 05:08:30,142 INFO o.a.j.t.JMeterThread: Thread started: Load Test - Orders My-Orders 1-32
2026-08-18 05:08:30,729 INFO o.a.j.t.JMeterThread: Thread started: Load Test - Orders My-Orders 1-33
2026-08-18 05:08:31,330 INFO o.a.j.t.JMeterThread: Thread started: Load Test - Orders My-Orders 1-34
2026-08-18 05:08:31,929 INFO o.a.j.t.JMeterThread: Thread started: Load Test - Orders My-Orders 1-35
2026-08-18 05:08:32,529 INFO o.a.j.t.JMeterThread: Thread started: Load Test - Orders My-Orders 1-36
2026-08-18 05:08:33,128 INFO o.a.j.t.JMeterThread: Thread started: Load Test - Orders My-Orders 1-37
2026-08-18 05:08:33,730 INFO o.a.j.t.JMeterThread: Thread started: Load Test - Orders My-Orders 1-38
2026-08-18 05:08:34,330 INFO o.a.j.t.JMeterThread: Thread started: Load Test - Orders My-Orders 1-39
2026-08-18 05:08:34,942 INFO o.a.j.t.JMeterThread: Thread started: Load Test - Orders My-Orders 1-40
2026-08-18 05:08:35,541 INFO o.a.j.t.JMeterThread: Thread started: Load Test - Orders My-Orders 1-41
2026-08-18 05:08:36,142 INFO o.a.j.t.JMeterThread: Thread started: Load Test - Orders My-Orders 1-42
2026-08-18 05:08:36,741 INFO o.a.j.t.JMeterThread: Thread started: Load Test - Orders My-Orders 1-43
2026-08-18 05:08:37,341 INFO o.a.j.t.JMeterThread: Thread started: Load Test - Orders My-Orders 1-44
2026-08-18 05:08:37,940 INFO o.a.j.t.JMeterThread: Thread started: Load Test - Orders My-Orders 1-45
2026-08-18 05:08:38,539 INFO o.a.j.t.JMeterThread: Thread started: Load Test - Orders My-Orders 1-46
2026-08-18 05:08:39,137 INFO o.a.j.t.JMeterThread: Thread started: Load Test - Orders My-Orders 1-47
2026-08-18 05:08:39,740 INFO o.a.j.t.JMeterThread: Thread started: Load Test - Orders My-Orders 1-48
2026-08-18 05:08:40,341 INFO o.a.j.t.JMeterThread: Thread started: Load Test - Orders My-Orders 1-49
2026-08-18 05:08:40,941 INFO o.a.j.t.JMeterThread: Thread started: Load Test - Orders My-Orders 1-50
2026-08-18 05:08:41,543 INFO o.a.j.t.JMeterThread: Thread started: Load Test - Orders My-Orders 1-51
2026-08-18 05:08:42,130 INFO o.a.j.t.JMeterThread: Thread started: Load Test - Orders My-Orders 1-52
2026-08-18 05:08:42,736 INFO o.a.j.t.JMeterThread: Thread started: Load Test - Orders My-Orders 1-53
2026-08-18 05:08:43,334 INFO o.a.j.t.JMeterThread: Thread started: Load Test - Orders My-Orders 1-54
2026-08-18 05:08:43,935 INFO o.a.j.t.JMeterThread: Thread started: Load Test - Orders My-Orders 1-55
2026-08-18 05:08:44,538 INFO o.a.j.t.JMeterThread: Thread started: Load Test - Orders My-Orders 1-56
2026-08-18 05:08:45,137 INFO o.a.j.t.JMeterThread: Thread started: Load Test - Orders My-Orders 1-57
2026-08-18 05:08:45,738 INFO o.a.j.t.JMeterThread: Thread started: Load Test - Orders My-Orders 1-58
2026-08-18 05:08:46,335 INFO o.a.j.t.JMeterThread: Thread started: Load Test - Orders My-Orders 1-59
2026-08-18 05:08:46,940 INFO o.a.j.t.JMeterThread: Thread started: Load Test - Orders My-Orders 1-60
2026-08-18 05:08:47,538 INFO o.a.j.t.JMeterThread: Thread started: Load Test - Orders My-Orders 1-61
2026-08-18 05:08:48,142 INFO o.a.j.t.JMeterThread: Thread started: Load Test - Orders My-Orders 1-62
2026-08-18 05:08:48,734 INFO o.a.j.t.JMeterThread: Thread started: Load Test - Orders My-Orders 1-63
2026-08-18 05:08:49,337 INFO o.a.j.t.JMeterThread: Thread started: Load Test - Orders My-Orders 1-64
2026-08-18 05:08:49,929 INFO o.a.j.t.JMeterThread: Thread started: Load Test - Orders My-Orders 1-65
2026-08-18 05:08:50,532 INFO o.a.j.t.JMeterThread: Thread started: Load Test - Orders My-Orders 1-66
2026-08-18 05:08:51,137 INFO o.a.j.t.JMeterThread: Thread started: Load Test - Orders My-Orders 1-67
2026-08-18 05:08:51,741 INFO o.a.j.t.JMeterThread: Thread started: Load Test - Orders My-Orders 1-68
2026-08-18 05:08:52,344 INFO o.a.j.t.JMeterThread: Thread started: Load Test - Orders My-Orders 1-69
2026-08-18 05:08:52,931 INFO o.a.j.t.JMeterThread: Thread started: Load Test - Orders My-Orders 1-70
2026-08-18 05:08:53,532 INFO o.a.j.t.JMeterThread: Thread started: Load Test - Orders My-Orders 1-71
2026-08-18 05:08:54,133 INFO o.a.j.t.JMeterThread: Thread started: Load Test - Orders My-Orders 1-72
2026-08-18 05:08:54,734 INFO o.a.j.t.JMeterThread: Thread started: Load Test - Orders My-Orders 1-73
2026-08-18 05:08:55,336 INFO o.a.j.t.JMeterThread: Thread started: Load Test - Orders My-Orders 1-74
2026-08-18 05:08:55,941 INFO o.a.j.t.JMeterThread: Thread started: Load Test - Orders My-Orders 1-75
2026-08-18 05:08:56,542 INFO o.a.j.t.JMeterThread: Thread started: Load Test - Orders My-Orders 1-76
2026-08-18 05:08:57,132 INFO o.a.j.t.JMeterThread: Thread started: Load Test - Orders My-Orders 1-77
2026-08-18 05:08:57,735 INFO o.a.j.t.JMeterThread: Thread started: Load Test - Orders My-Orders 1-78
2026-08-18 05:08:58,337 INFO o.a.j.t.JMeterThread: Thread started: Load Test - Orders My-Orders 1-79
2026-08-18 05:08:58,943 INFO o.a.j.t.JMeterThread: Thread started: Load Test - Orders My-Orders 1-80
2026-08-18 05:08:59,530 INFO o.a.j.t.JMeterThread: Thread started: Load Test - Orders My-Orders 1-81
2026-08-18 05:09:00,136 INFO o.a.j.t.JMeterThread: Thread started: Load Test - Orders My-Orders 1-82
2026-08-18 05:09:00,732 INFO o.a.j.t.JMeterThread: Thread started: Load Test - Orders My-Orders 1-83
2026-08-18 05:09:01,333 INFO o.a.j.t.JMeterThread: Thread started: Load Test - Orders My-Orders 1-84
2026-08-18 05:09:01,935 INFO o.a.j.t.JMeterThread: Thread started: Load Test - Orders My-Orders 1-85
2026-08-18 05:09:02,537 INFO o.a.j.t.JMeterThread: Thread started: Load Test - Orders My-Orders 1-86
2026-08-18 05:09:03,141 INFO o.a.j.t.JMeterThread: Thread started: Load Test - Orders My-Orders 1-87
2026-08-18 05:09:03,741 INFO o.a.j.t.JMeterThread: Thread started: Load Test - Orders My-Orders 1-88
2026-08-18 05:09:04,339 INFO o.a.j.t.JMeterThread: Thread started: Load Test - Orders My-Orders 1-89
2026-08-18 05:09:04,939 INFO o.a.j.t.JMeterThread: Thread started: Load Test - Orders My-Orders 1-90
2026-08-18 05:09:05,529 INFO o.a.j.t.JMeterThread: Thread started: Load Test - Orders My-Orders 1-91
2026-08-18 05:09:06,129 INFO o.a.j.t.JMeterThread: Thread started: Load Test - Orders My-Orders 1-92
2026-08-18 05:09:06,734 INFO o.a.j.t.JMeterThread: Thread started: Load Test - Orders My-Orders 1-93
2026-08-18 05:09:07,335 INFO o.a.j.t.JMeterThread: Thread started: Load Test - Orders My-Orders 1-94
2026-08-18 05:09:07,935 INFO o.a.j.t.JMeterThread: Thread started: Load Test - Orders My-Orders 1-95
2026-08-18 05:09:08,542 INFO o.a.j.t.JMeterThread: Thread started: Load Test - Orders My-Orders 1-96
2026-08-18 05:09:09,140 INFO o.a.j.t.JMeterThread: Thread started: Load Test - Orders My-Orders 1-97
2026-08-18 05:09:09,741 INFO o.a.j.t.JMeterThread: Thread started: Load Test - Orders My-Orders 1-98
2026-08-18 05:09:10,342 INFO o.a.j.t.JMeterThread: Thread started: Load Test - Orders My-Orders 1-99
2026-08-18 05:09:10,943 INFO o.a.j.t.JMeterThread: Thread started: Load Test - Orders My-Orders 1-100
